MPLINK 4.49, Linker
Linker Map File - Created Tue Feb 11 11:50:28 2020

                                 Section Info
                  Section       Type    Address   Location Size(Bytes)
                ---------  ---------  ---------  ---------  ---------
                   .org_0       code   0x000000    program   0x000000
                   .org_1       code   0x000000    program   0x000002
                   .org_2       code   0x000004    program   0x00015a
      .config_2007_MAIN.O       code   0x002007    program   0x000002
      .config_2008_MAIN.O       code   0x002008    program   0x000002



                              Program Memory Usage 
                               Start         End      
                           ---------   ---------      
                            0x000000    0x000000      
                            0x000004    0x0000b0      
                            0x002007    0x002008      
            176 out of 8455 program addresses used, program memory utilization is 2%



                              Symbols - Sorted by Name
                     Name    Address   Location    Storage File                     
                ---------  ---------  ---------  --------- ---------                
         ButtonNotPressed   0x000063    program     static C:\Users\eduardoduarte\Desktop\PortableGit\ecai11\simon_game\code\main.asm
            ButtonPressed   0x000065    program     static C:\Users\eduardoduarte\Desktop\PortableGit\ecai11\simon_game\code\main.asm
             CompareInput   0x00006e    program     static C:\Users\eduardoduarte\Desktop\PortableGit\ecai11\simon_game\code\main.asm
                   Delay1   0x00009a    program     static C:\Users\eduardoduarte\Desktop\PortableGit\ecai11\simon_game\code\main.asm
                   Delay2   0x0000a0    program     static C:\Users\eduardoduarte\Desktop\PortableGit\ecai11\simon_game\code\main.asm
                   Delay3   0x0000a6    program     static C:\Users\eduardoduarte\Desktop\PortableGit\ecai11\simon_game\code\main.asm
               Delay_10us   0x0000aa    program     static C:\Users\eduardoduarte\Desktop\PortableGit\ecai11\simon_game\code\main.asm
                Delay_1ms   0x000098    program     static C:\Users\eduardoduarte\Desktop\PortableGit\ecai11\simon_game\code\main.asm
                 Delay_1s   0x000092    program     static C:\Users\eduardoduarte\Desktop\PortableGit\ecai11\simon_game\code\main.asm
              Delay_200ms   0x00009e    program     static C:\Users\eduardoduarte\Desktop\PortableGit\ecai11\simon_game\code\main.asm
                 Delay_ms   0x0000a4    program     static C:\Users\eduardoduarte\Desktop\PortableGit\ecai11\simon_game\code\main.asm
     Entrada_de_movimento   0x000058    program     static C:\Users\eduardoduarte\Desktop\PortableGit\ecai11\simon_game\code\main.asm
            ExitInterrupt   0x000011    program     static C:\Users\eduardoduarte\Desktop\PortableGit\ecai11\simon_game\code\main.asm
                InputLoop   0x00005d    program     static C:\Users\eduardoduarte\Desktop\PortableGit\ecai11\simon_game\code\main.asm
              LedContLoop   0x000079    program     static C:\Users\eduardoduarte\Desktop\PortableGit\ecai11\simon_game\code\main.asm
                LevelEasy   0x00003b    program     static C:\Users\eduardoduarte\Desktop\PortableGit\ecai11\simon_game\code\main.asm
                LevelHard   0x00003d    program     static C:\Users\eduardoduarte\Desktop\PortableGit\ecai11\simon_game\code\main.asm
                     Main   0x000033    program     static C:\Users\eduardoduarte\Desktop\PortableGit\ecai11\simon_game\code\main.asm
                Main_Loop   0x00003f    program     static C:\Users\eduardoduarte\Desktop\PortableGit\ecai11\simon_game\code\main.asm
      RotinaInicializacao   0x000073    program     static C:\Users\eduardoduarte\Desktop\PortableGit\ecai11\simon_game\code\main.asm
            SorteiaNumero   0x000042    program     static C:\Users\eduardoduarte\Desktop\PortableGit\ecai11\simon_game\code\main.asm
                    Start   0x000016    program     static C:\Users\eduardoduarte\Desktop\PortableGit\ecai11\simon_game\code\main.asm
              StoreNumber   0x000054    program     static C:\Users\eduardoduarte\Desktop\PortableGit\ecai11\simon_game\code\main.asm
          Timer0Interrupt   0x00000b    program     static C:\Users\eduardoduarte\Desktop\PortableGit\ecai11\simon_game\code\main.asm



                              Symbols - Sorted by Address
                     Name    Address   Location    Storage File                     
                ---------  ---------  ---------  --------- ---------                
          Timer0Interrupt   0x00000b    program     static C:\Users\eduardoduarte\Desktop\PortableGit\ecai11\simon_game\code\main.asm
            ExitInterrupt   0x000011    program     static C:\Users\eduardoduarte\Desktop\PortableGit\ecai11\simon_game\code\main.asm
                    Start   0x000016    program     static C:\Users\eduardoduarte\Desktop\PortableGit\ecai11\simon_game\code\main.asm
                     Main   0x000033    program     static C:\Users\eduardoduarte\Desktop\PortableGit\ecai11\simon_game\code\main.asm
                LevelEasy   0x00003b    program     static C:\Users\eduardoduarte\Desktop\PortableGit\ecai11\simon_game\code\main.asm
                LevelHard   0x00003d    program     static C:\Users\eduardoduarte\Desktop\PortableGit\ecai11\simon_game\code\main.asm
                Main_Loop   0x00003f    program     static C:\Users\eduardoduarte\Desktop\PortableGit\ecai11\simon_game\code\main.asm
            SorteiaNumero   0x000042    program     static C:\Users\eduardoduarte\Desktop\PortableGit\ecai11\simon_game\code\main.asm
              StoreNumber   0x000054    program     static C:\Users\eduardoduarte\Desktop\PortableGit\ecai11\simon_game\code\main.asm
     Entrada_de_movimento   0x000058    program     static C:\Users\eduardoduarte\Desktop\PortableGit\ecai11\simon_game\code\main.asm
                InputLoop   0x00005d    program     static C:\Users\eduardoduarte\Desktop\PortableGit\ecai11\simon_game\code\main.asm
         ButtonNotPressed   0x000063    program     static C:\Users\eduardoduarte\Desktop\PortableGit\ecai11\simon_game\code\main.asm
            ButtonPressed   0x000065    program     static C:\Users\eduardoduarte\Desktop\PortableGit\ecai11\simon_game\code\main.asm
             CompareInput   0x00006e    program     static C:\Users\eduardoduarte\Desktop\PortableGit\ecai11\simon_game\code\main.asm
      RotinaInicializacao   0x000073    program     static C:\Users\eduardoduarte\Desktop\PortableGit\ecai11\simon_game\code\main.asm
              LedContLoop   0x000079    program     static C:\Users\eduardoduarte\Desktop\PortableGit\ecai11\simon_game\code\main.asm
                 Delay_1s   0x000092    program     static C:\Users\eduardoduarte\Desktop\PortableGit\ecai11\simon_game\code\main.asm
                Delay_1ms   0x000098    program     static C:\Users\eduardoduarte\Desktop\PortableGit\ecai11\simon_game\code\main.asm
                   Delay1   0x00009a    program     static C:\Users\eduardoduarte\Desktop\PortableGit\ecai11\simon_game\code\main.asm
              Delay_200ms   0x00009e    program     static C:\Users\eduardoduarte\Desktop\PortableGit\ecai11\simon_game\code\main.asm
                   Delay2   0x0000a0    program     static C:\Users\eduardoduarte\Desktop\PortableGit\ecai11\simon_game\code\main.asm
                 Delay_ms   0x0000a4    program     static C:\Users\eduardoduarte\Desktop\PortableGit\ecai11\simon_game\code\main.asm
                   Delay3   0x0000a6    program     static C:\Users\eduardoduarte\Desktop\PortableGit\ecai11\simon_game\code\main.asm
               Delay_10us   0x0000aa    program     static C:\Users\eduardoduarte\Desktop\PortableGit\ecai11\simon_game\code\main.asm


